// Jest Snapshot v1, https://goo.gl/fbAQLP

exports[`Testing of Register component Should rendred the component ! 1`] = `ShallowWrapper {}`;
